[33m[vite:css][postcss] @import must precede all other statements (besides @charset or empty @layer)
5456 |    }
5457 |  }
5458 |  @import url('https://cdn.jsdelivr.net/gh/orioncactus/pretendard@v1.3.9/dist/web/variable/pretendardvariable-dynamic-s...
     |  ^^^^^^^^^^^^^^^^^^^^^^^^^^^^^^^^^^^^^^^^^^^^^^^^^^^^^^^^^^^^^^^^^^^^^^^^^^^^^^^^^^^^^^^^^^^^^^^^^^^^^^^^^^^^^^^^^^^^^^^^
5459 |  :root {
5460 |    --solomon-primary: #d97706;[39m
[2m오후 1:18:58[22m [31m[1m[vite][22m[39m [31m[2m(client)[22m[39m [31m[Unhandled error] [1mTypeError[22m: duo.partyA.verbalTells is not iterable
[39m > normalizeCaseData src/data/cases/caseLoader.ts:245:30
    243 |    duo.partyB.digitalHabit = normalizeDigitalHabit(duo.partyB.digitalHabit)
    244 |  
    245 |    for (const vt of duo.partyA.verbalTells) vt.trigger = normalizeTrigger(vt.trigger)
        |                                ^
    246 |    for (const vt of duo.partyB.verbalTells) vt.trigger = normalizeTrigger(vt.trigger)
    247 |  
 > loadGeneratedCases src/data/cases/caseLoader.ts:361:19
 > src/data/cases/index.ts:13:5

[2m오후 1:27:55[22m [31m[1m[vite][22m[39m [31m[2m(client)[22m[39m [31m[Unhandled error] [1mTypeError[22m: duo.partyA.verbalTells is not iterable
[39m > normalizeCaseData src/data/cases/caseLoader.ts:245:30
    243 |    duo.partyB.digitalHabit = normalizeDigitalHabit(duo.partyB.digitalHabit)
    244 |  
    245 |    for (const vt of duo.partyA.verbalTells) vt.trigger = normalizeTrigger(vt.trigger)
        |                                ^
    246 |    for (const vt of duo.partyB.verbalTells) vt.trigger = normalizeTrigger(vt.trigger)
    247 |  
 > loadGeneratedCases src/data/cases/caseLoader.ts:361:19
 > src/data/cases/index.ts:13:5

^C