
> solomon-init@0.0.0 dev:pc
> vite --config vite.config.pc.ts --host 127.0.0.1 --port 4173

[2m오후 10:19:31[22m [36m[1m[vite][22m[39m [90m[2m(client)[22m[39m Re-optimizing dependencies because vite config has changed

  [32m[1mVITE[22m v8.0.7[39m  [2mready in [0m[1m1009[22m[2m[0m ms[22m

  [32m➜[39m  [1mLocal[22m:   [36mhttp://127.0.0.1:[1m4173[22m/[39m
[2m오후 10:19:33[22m [36m[1m[vite][22m[39m [90m[2m(client)[22m[39m [optimizer] scanning dependencies...
[2m오후 10:19:39[22m [36m[1m[vite][22m[39m [90m[2m(client)[22m[39m [optimizer] bundling dependencies...
[2m오후 10:31:46[22m [36m[1m[vite][22m[39m [90m[2m(client)[22m[39m [32mhmr update [39m[2m/src/app/index.css, /src/components/pc/home/PCIntroSlides.tsx[22m
[2m오후 10:32:17[22m [36m[1m[vite][22m[39m [90m[2m(client)[22m[39m [32mhmr update [39m[2m/src/app/index.css, /src/components/pc/home/PCHomeScreen.tsx, /src/components/pc/home/PCIntroSlides.tsx, /src/components/pc/home/PCCaseBrowser.tsx[22m
[2m오후 10:33:11[22m [36m[1m[vite][22m[39m [90m[2m(client)[22m[39m [32mhmr update [39m[2m/src/app/pc.css, /src/app/index.css[22m
[2m오후 10:33:51[22m [36m[1m[vite][22m[39m [90m[2m(client)[22m[39m [32mhmr update [39m[2m/src/app/pc.css, /src/app/index.css[22m
[2m오후 10:39:31[22m [36m[1m[vite][22m[39m [90m[2m(client)[22m[39m [32mhmr update [39m[2m/src/app/index.css, /src/app/PCApp.tsx, /src/components/actions/ActionPanel.tsx, /src/components/phase/Phase0_CaseIntro.tsx, /src/components/pc/home/PCCaseBrief.tsx, /src/components/phase/AutoDialoguePhase.tsx, /src/components/layout/PhaseTransition.tsx, /src/components/phase/Phase6_Mediation.tsx, /src/components/pc/layout/PCCourtLayout.tsx, /src/components/pc/home/PCHomeScreen.tsx, /src/components/pc/verdict/PCVerdictScreen.tsx, /src/components/pc/result/PCResultScreen.tsx and 54 more[22m
[2m오후 10:39:32[22m [36m[1m[vite][22m[39m [90m[2m(client)[22m[39m [33mhmr invalidate [39m[2m/src/app/PCApp.tsx[22m Could not Fast Refresh ("resetPcSessionToHome" export is incompatible). Learn more at https://github.com/vitejs/vite-plugin-react/tree/main/packages/plugin-react#consistent-components-exports
[2m오후 10:39:32[22m [36m[1m[vite][22m[39m [90m[2m(client)[22m[39m [32mpage reload [39m[2msrc/app/PCApp.tsx[22m
[2m오후 10:39:32[22m [36m[1m[vite][22m[39m [90m[2m(client)[22m[39m [33mhmr invalidate [39m[2m/src/components/phase/Phase0_CaseIntro.tsx[22m Could not Fast Refresh ("beginCasePrefetch" export is incompatible). Learn more at https://github.com/vitejs/vite-plugin-react/tree/main/packages/plugin-react#consistent-components-exports
[2m오후 10:39:32[22m [36m[1m[vite][22m[39m [90m[2m(client)[22m[39m [32mhmr update [39m[2m/src/app/PCApp.tsx, /src/components/pc/home/PCCaseBrief.tsx, /src/components/phase/AutoDialoguePhase.tsx, /src/app/App.tsx, /src/components/result/ResultScreen.tsx[22m
[2m오후 10:39:32[22m [36m[1m[vite][22m[39m [90m[2m(client)[22m[39m [33mhmr invalidate [39m[2m/src/components/phase/AutoDialoguePhase.tsx[22m Could not Fast Refresh ("triggerDialogueTap" export is incompatible). Learn more at https://github.com/vitejs/vite-plugin-react/tree/main/packages/plugin-react#consistent-components-exports
[2m오후 10:39:32[22m [36m[1m[vite][22m[39m [90m[2m(client)[22m[39m [32mhmr update [39m[2m/src/app/PCApp.tsx, /src/app/App.tsx[22m
[2m오후 10:39:32[22m [36m[1m[vite][22m[39m [90m[2m(client)[22m[39m [33mhmr invalidate [39m[2m/src/components/pc/layout/PCInteractionPanel.tsx[22m Could not Fast Refresh ("openPcInteractionPanel" export is incompatible). Learn more at https://github.com/vitejs/vite-plugin-react/tree/main/packages/plugin-react#consistent-components-exports
[2m오후 10:39:32[22m [36m[1m[vite][22m[39m [90m[2m(client)[22m[39m [32mhmr update [39m[2m/src/components/pc/layout/PCCourtLayout.tsx, /src/components/pc/home/PCHomeScreen.tsx, /src/components/pc/hotbar/PCBottomDock.tsx, /src/components/pc/panels/PCLeftPanel.tsx, /src/components/pc/panels/PCRightPanel.tsx, /src/components/pc/layout/PCDialogueLog.tsx, /src/components/pc/layout/PCGameplayOverlay.tsx, /src/components/pc/panels/PCImportantNotesSection.tsx[22m
[2m오후 10:39:32[22m [36m[1m[vite][22m[39m [90m[2m(client)[22m[39m [33mhmr invalidate [39m[2m/src/components/result/Aftermath.tsx[22m Could not Fast Refresh ("resetAftermathCache" export is incompatible). Learn more at https://github.com/vitejs/vite-plugin-react/tree/main/packages/plugin-react#consistent-components-exports
[2m오후 10:39:32[22m [36m[1m[vite][22m[39m [90m[2m(client)[22m[39m [32mhmr update [39m[2m/src/components/pc/result/PCResultScreen.tsx, /src/components/result/ResultScreen.tsx[22m
[2m오후 10:39:32[22m [36m[1m[vite][22m[39m [90m[2m(client)[22m[39m [33mhmr invalidate [39m[2m/src/components/actions/DossierHint.tsx[22m Could not Fast Refresh ("markDossierCombinationUsed" export is incompatible). Learn more at https://github.com/vitejs/vite-plugin-react/tree/main/packages/plugin-react#consistent-components-exports
[2m오후 10:39:32[22m [36m[1m[vite][22m[39m [90m[2m(client)[22m[39m [32mhmr update [39m[2m/src/components/actions/ActionPanel.tsx[22m
[2m오후 10:39:32[22m [36m[1m[vite][22m[39m [90m[2m(client)[22m[39m [33mhmr invalidate [39m[2m/src/components/discovery/StateTransitionFeedback.tsx[22m Could not Fast Refresh ("emitStateTransitionEvent" export is incompatible). Learn more at https://github.com/vitejs/vite-plugin-react/tree/main/packages/plugin-react#consistent-components-exports
[2m오후 10:39:32[22m [36m[1m[vite][22m[39m [90m[2m(client)[22m[39m [32mhmr update [39m[2m/src/components/actions/ActionPanel.tsx, /src/components/layout/CourtHeader.tsx[22m
[2m오후 10:39:32[22m [36m[1m[vite][22m[39m [90m[2m(client)[22m[39m [33mhmr invalidate [39m[2m/src/components/verdict/VerdictScreen.tsx[22m Could not Fast Refresh ("CAMPAIGN_STAGE_MAP" export is incompatible). Learn more at https://github.com/vitejs/vite-plugin-react/tree/main/packages/plugin-react#consistent-components-exports
[2m오후 10:39:32[22m [36m[1m[vite][22m[39m [90m[2m(client)[22m[39m [32mhmr update [39m[2m/src/components/pc/verdict/PCVerdictScreen.tsx, /src/app/App.tsx[22m
[2m오후 10:39:32[22m [36m[1m[vite][22m[39m [90m[2m(client)[22m[39m [33mhmr invalidate [39m[2m/src/components/pc/panels/PCImportantNotesSection.tsx[22m Could not Fast Refresh ("getNoteSummary" export is incompatible). Learn more at https://github.com/vitejs/vite-plugin-react/tree/main/packages/plugin-react#consistent-components-exports
[2m오후 10:39:32[22m [36m[1m[vite][22m[39m [90m[2m(client)[22m[39m [32mhmr update [39m[2m/src/components/pc/panels/PCLeftPanel.tsx, /src/components/pc/panels/PCRightPanel.tsx[22m
[2m오후 10:39:32[22m [36m[1m[vite][22m[39m [90m[2m(client)[22m[39m [33mhmr invalidate [39m[2m/src/components/phase/CaseMap.tsx[22m Could not Fast Refresh ("saveCaseProgress" export is incompatible). Learn more at https://github.com/vitejs/vite-plugin-react/tree/main/packages/plugin-react#consistent-components-exports
[2m오후 10:39:32[22m [36m[1m[vite][22m[39m [90m[2m(client)[22m[39m [32mhmr update [39m[2m/src/components/pc/result/PCResultScreen.tsx, /src/app/App.tsx, /src/components/result/ResultScreen.tsx[22m
[2m오후 10:39:59[22m [36m[1m[vite][22m[39m [90m[2m(client)[22m[39m [32mhmr update [39m[2m/src/components/pc/home/PCCaseBrief.tsx, /src/app/index.css[22m
[2m오후 10:40:29[22m [36m[1m[vite][22m[39m [90m[2m(client)[22m[39m [32mhmr update [39m[2m/src/app/pc.css, /src/app/index.css[22m
[2m오후 10:40:47[22m [36m[1m[vite][22m[39m [90m[2m(client)[22m[39m [32mhmr update [39m[2m/src/app/pc.css, /src/app/index.css[22m
[2m오후 10:41:15[22m [36m[1m[vite][22m[39m [90m[2m(client)[22m[39m [32mhmr update [39m[2m/src/app/pc.css, /src/app/index.css[22m
[2m오후 10:41:55[22m [36m[1m[vite][22m[39m [90m[2m(client)[22m[39m [32mhmr update [39m[2m/src/app/pc.css, /src/app/index.css[22m
[2m오후 10:42:10[22m [36m[1m[vite][22m[39m [90m[2m(client)[22m[39m [32mhmr update [39m[2m/src/app/pc.css, /src/app/index.css[22m
[2m오후 10:42:29[22m [36m[1m[vite][22m[39m [90m[2m(client)[22m[39m [32mhmr update [39m[2m/src/app/pc.css, /src/app/index.css[22m
[2m오후 10:43:09[22m [36m[1m[vite][22m[39m [90m[2m(client)[22m[39m [32mhmr update [39m[2m/src/app/index.css, /src/components/pc/panels/PCRightPanel.tsx[22m
[2m오후 10:44:23[22m [36m[1m[vite][22m[39m [90m[2m(client)[22m[39m [32mhmr update [39m[2m/src/app/pc.css, /src/app/index.css[22m
[2m오후 11:05:00[22m [36m[1m[vite][22m[39m [90m[2m(client)[22m[39m [32mhmr update [39m[2m/src/app/index.css, /src/components/pc/hotbar/PCBottomDock.tsx[22m
[2m오후 11:05:30[22m [36m[1m[vite][22m[39m [90m[2m(client)[22m[39m [32mhmr update [39m[2m/src/app/index.css, /src/components/pc/hotbar/PCBottomDock.tsx[22m
[2m오후 11:07:17[22m [36m[1m[vite][22m[39m [90m[2m(client)[22m[39m [32mhmr update [39m[2m/src/app/index.css, /src/components/actions/ActionPanel.tsx, /src/components/phase/Phase0_CaseIntro.tsx, /src/components/phase/Phase6_Mediation.tsx, /src/components/pc/home/PCHomeScreen.tsx, /src/components/pc/result/PCResultScreen.tsx, /src/components/pc/hotbar/PCBottomDock.tsx, /src/components/actions/EvidencePresenter.tsx, /src/components/pc/layout/PCInteractionPanel.tsx, /src/components/result/Aftermath.tsx, /src/components/actions/FreeQuestionInput.tsx and 7 more[22m
[2m오후 11:07:18[22m [36m[1m[vite][22m[39m [90m[2m(client)[22m[39m [33mhmr invalidate [39m[2m/src/components/phase/Phase0_CaseIntro.tsx[22m Could not Fast Refresh ("beginCasePrefetch" export is incompatible). Learn more at https://github.com/vitejs/vite-plugin-react/tree/main/packages/plugin-react#consistent-components-exports
[2m오후 11:07:18[22m [36m[1m[vite][22m[39m [90m[2m(client)[22m[39m [32mhmr update [39m[2m/src/app/PCApp.tsx, /src/components/pc/home/PCCaseBrief.tsx, /src/components/phase/AutoDialoguePhase.tsx, /src/app/App.tsx, /src/components/result/ResultScreen.tsx[22m
[2m오후 11:07:18[22m [36m[1m[vite][22m[39m [90m[2m(client)[22m[39m [33mhmr invalidate [39m[2m/src/components/pc/layout/PCInteractionPanel.tsx[22m Could not Fast Refresh ("openPcInteractionPanel" export is incompatible). Learn more at https://github.com/vitejs/vite-plugin-react/tree/main/packages/plugin-react#consistent-components-exports
[2m오후 11:07:18[22m [36m[1m[vite][22m[39m [90m[2m(client)[22m[39m [32mhmr update [39m[2m/src/components/pc/layout/PCCourtLayout.tsx, /src/components/pc/home/PCHomeScreen.tsx, /src/components/pc/hotbar/PCBottomDock.tsx, /src/components/pc/panels/PCLeftPanel.tsx, /src/components/pc/panels/PCRightPanel.tsx, /src/components/pc/layout/PCDialogueLog.tsx, /src/components/pc/layout/PCGameplayOverlay.tsx, /src/components/pc/panels/PCImportantNotesSection.tsx[22m
[2m오후 11:07:18[22m [36m[1m[vite][22m[39m [90m[2m(client)[22m[39m [33mhmr invalidate [39m[2m/src/components/result/Aftermath.tsx[22m Could not Fast Refresh ("resetAftermathCache" export is incompatible). Learn more at https://github.com/vitejs/vite-plugin-react/tree/main/packages/plugin-react#consistent-components-exports
[2m오후 11:07:18[22m [36m[1m[vite][22m[39m [90m[2m(client)[22m[39m [32mhmr update [39m[2m/src/components/pc/result/PCResultScreen.tsx, /src/components/result/ResultScreen.tsx[22m
[2m오후 11:07:18[22m [36m[1m[vite][22m[39m [90m[2m(client)[22m[39m [33mhmr invalidate [39m[2m/src/app/PCApp.tsx[22m Could not Fast Refresh ("resetPcSessionToHome" export is incompatible). Learn more at https://github.com/vitejs/vite-plugin-react/tree/main/packages/plugin-react#consistent-components-exports
[2m오후 11:07:18[22m [36m[1m[vite][22m[39m [90m[2m(client)[22m[39m [32mpage reload [39m[2msrc/app/PCApp.tsx[22m
[2m오후 11:07:18[22m [36m[1m[vite][22m[39m [90m[2m(client)[22m[39m [33mhmr invalidate [39m[2m/src/components/phase/AutoDialoguePhase.tsx[22m Could not Fast Refresh ("triggerDialogueTap" export is incompatible). Learn more at https://github.com/vitejs/vite-plugin-react/tree/main/packages/plugin-react#consistent-components-exports
[2m오후 11:07:18[22m [36m[1m[vite][22m[39m [90m[2m(client)[22m[39m [32mhmr update [39m[2m/src/app/PCApp.tsx, /src/app/App.tsx[22m
[2m오후 11:12:40[22m [36m[1m[vite][22m[39m [90m[2m(client)[22m[39m [32mhmr update [39m[2m/src/app/index.css, /src/app/PCApp.tsx, /src/components/actions/ActionPanel.tsx, /src/components/phase/Phase0_CaseIntro.tsx, /src/components/pc/home/PCCaseBrief.tsx, /src/components/phase/AutoDialoguePhase.tsx, /src/components/layout/PhaseTransition.tsx, /src/components/phase/Phase6_Mediation.tsx, /src/components/pc/layout/PCCourtLayout.tsx, /src/components/pc/home/PCHomeScreen.tsx, /src/components/pc/verdict/PCVerdictScreen.tsx, /src/components/pc/result/PCResultScreen.tsx and 53 more[22m
[2m오후 11:12:42[22m [36m[1m[vite][22m[39m [90m[2m(client)[22m[39m [33mhmr invalidate [39m[2m/src/app/PCApp.tsx[22m Could not Fast Refresh ("resetPcSessionToHome" export is incompatible). Learn more at https://github.com/vitejs/vite-plugin-react/tree/main/packages/plugin-react#consistent-components-exports
[2m오후 11:12:42[22m [36m[1m[vite][22m[39m [90m[2m(client)[22m[39m [32mpage reload [39m[2msrc/app/PCApp.tsx[22m
[2m오후 11:12:42[22m [36m[1m[vite][22m[39m [90m[2m(client)[22m[39m [33mhmr invalidate [39m[2m/src/components/phase/Phase0_CaseIntro.tsx[22m Could not Fast Refresh ("beginCasePrefetch" export is incompatible). Learn more at https://github.com/vitejs/vite-plugin-react/tree/main/packages/plugin-react#consistent-components-exports
[2m오후 11:12:42[22m [36m[1m[vite][22m[39m [90m[2m(client)[22m[39m [32mhmr update [39m[2m/src/app/PCApp.tsx, /src/components/pc/home/PCCaseBrief.tsx, /src/components/phase/AutoDialoguePhase.tsx, /src/app/App.tsx, /src/components/result/ResultScreen.tsx[22m
[2m오후 11:12:42[22m [36m[1m[vite][22m[39m [90m[2m(client)[22m[39m [33mhmr invalidate [39m[2m/src/components/phase/AutoDialoguePhase.tsx[22m Could not Fast Refresh ("triggerDialogueTap" export is incompatible). Learn more at https://github.com/vitejs/vite-plugin-react/tree/main/packages/plugin-react#consistent-components-exports
[2m오후 11:12:42[22m [36m[1m[vite][22m[39m [90m[2m(client)[22m[39m [32mhmr update [39m[2m/src/app/PCApp.tsx, /src/app/App.tsx[22m
[2m오후 11:12:42[22m [36m[1m[vite][22m[39m [90m[2m(client)[22m[39m [33mhmr invalidate [39m[2m/src/components/pc/layout/PCInteractionPanel.tsx[22m Could not Fast Refresh ("openPcInteractionPanel" export is incompatible). Learn more at https://github.com/vitejs/vite-plugin-react/tree/main/packages/plugin-react#consistent-components-exports
[2m오후 11:12:42[22m [36m[1m[vite][22m[39m [90m[2m(client)[22m[39m [32mhmr update [39m[2m/src/components/pc/layout/PCCourtLayout.tsx, /src/components/pc/home/PCHomeScreen.tsx, /src/components/pc/hotbar/PCBottomDock.tsx, /src/components/pc/panels/PCLeftPanel.tsx, /src/components/pc/panels/PCRightPanel.tsx, /src/components/pc/layout/PCDialogueLog.tsx, /src/components/pc/layout/PCGameplayOverlay.tsx, /src/components/pc/panels/PCImportantNotesSection.tsx[22m
[2m오후 11:12:42[22m [36m[1m[vite][22m[39m [90m[2m(client)[22m[39m [33mhmr invalidate [39m[2m/src/components/result/Aftermath.tsx[22m Could not Fast Refresh ("resetAftermathCache" export is incompatible). Learn more at https://github.com/vitejs/vite-plugin-react/tree/main/packages/plugin-react#consistent-components-exports
[2m오후 11:12:42[22m [36m[1m[vite][22m[39m [90m[2m(client)[22m[39m [32mhmr update [39m[2m/src/components/pc/result/PCResultScreen.tsx, /src/components/result/ResultScreen.tsx[22m
[2m오후 11:12:42[22m [36m[1m[vite][22m[39m [90m[2m(client)[22m[39m [33mhmr invalidate [39m[2m/src/components/actions/DossierHint.tsx[22m Could not Fast Refresh ("markDossierCombinationUsed" export is incompatible). Learn more at https://github.com/vitejs/vite-plugin-react/tree/main/packages/plugin-react#consistent-components-exports
[2m오후 11:12:42[22m [36m[1m[vite][22m[39m [90m[2m(client)[22m[39m [32mhmr update [39m[2m/src/components/actions/ActionPanel.tsx[22m
[2m오후 11:12:42[22m [36m[1m[vite][22m[39m [90m[2m(client)[22m[39m [33mhmr invalidate [39m[2m/src/components/discovery/StateTransitionFeedback.tsx[22m Could not Fast Refresh ("emitStateTransitionEvent" export is incompatible). Learn more at https://github.com/vitejs/vite-plugin-react/tree/main/packages/plugin-react#consistent-components-exports
[2m오후 11:12:42[22m [36m[1m[vite][22m[39m [90m[2m(client)[22m[39m [32mhmr update [39m[2m/src/components/actions/ActionPanel.tsx, /src/components/layout/CourtHeader.tsx[22m
[2m오후 11:12:42[22m [36m[1m[vite][22m[39m [90m[2m(client)[22m[39m [33mhmr invalidate [39m[2m/src/components/verdict/VerdictScreen.tsx[22m Could not Fast Refresh ("CAMPAIGN_STAGE_MAP" export is incompatible). Learn more at https://github.com/vitejs/vite-plugin-react/tree/main/packages/plugin-react#consistent-components-exports
[2m오후 11:12:42[22m [36m[1m[vite][22m[39m [90m[2m(client)[22m[39m [32mhmr update [39m[2m/src/components/pc/verdict/PCVerdictScreen.tsx, /src/app/App.tsx[22m
[2m오후 11:12:42[22m [36m[1m[vite][22m[39m [90m[2m(client)[22m[39m [33mhmr invalidate [39m[2m/src/components/pc/panels/PCImportantNotesSection.tsx[22m Could not Fast Refresh ("getNoteSummary" export is incompatible). Learn more at https://github.com/vitejs/vite-plugin-react/tree/main/packages/plugin-react#consistent-components-exports
[2m오후 11:12:42[22m [36m[1m[vite][22m[39m [90m[2m(client)[22m[39m [32mhmr update [39m[2m/src/components/pc/panels/PCLeftPanel.tsx, /src/components/pc/panels/PCRightPanel.tsx[22m
[2m오후 11:13:14[22m [36m[1m[vite][22m[39m [90m[2m(client)[22m[39m [32mhmr update [39m[2m/src/app/index.css, /src/components/pc/layout/PCDiscoveryOverlay.tsx[22m
[2m오후 11:16:19[22m [36m[1m[vite][22m[39m [90m[2m(client)[22m[39m [32mhmr update [39m[2m/src/app/index.css, /src/app/PCApp.tsx, /src/components/actions/ActionPanel.tsx, /src/components/phase/Phase0_CaseIntro.tsx, /src/components/pc/home/PCCaseBrief.tsx, /src/components/phase/AutoDialoguePhase.tsx, /src/components/layout/PhaseTransition.tsx, /src/components/phase/Phase6_Mediation.tsx, /src/components/pc/layout/PCCourtLayout.tsx, /src/components/pc/home/PCHomeScreen.tsx, /src/components/pc/verdict/PCVerdictScreen.tsx, /src/components/pc/result/PCResultScreen.tsx and 53 more[22m
[2m오후 11:16:20[22m [36m[1m[vite][22m[39m [90m[2m(client)[22m[39m [33mhmr invalidate [39m[2m/src/app/PCApp.tsx[22m Could not Fast Refresh ("resetPcSessionToHome" export is incompatible). Learn more at https://github.com/vitejs/vite-plugin-react/tree/main/packages/plugin-react#consistent-components-exports
[2m오후 11:16:20[22m [36m[1m[vite][22m[39m [90m[2m(client)[22m[39m [32mpage reload [39m[2msrc/app/PCApp.tsx[22m
[2m오후 11:16:20[22m [36m[1m[vite][22m[39m [90m[2m(client)[22m[39m [33mhmr invalidate [39m[2m/src/components/phase/Phase0_CaseIntro.tsx[22m Could not Fast Refresh ("beginCasePrefetch" export is incompatible). Learn more at https://github.com/vitejs/vite-plugin-react/tree/main/packages/plugin-react#consistent-components-exports
[2m오후 11:16:20[22m [36m[1m[vite][22m[39m [90m[2m(client)[22m[39m [32mhmr update [39m[2m/src/app/PCApp.tsx, /src/components/pc/home/PCCaseBrief.tsx, /src/components/phase/AutoDialoguePhase.tsx, /src/app/App.tsx, /src/components/result/ResultScreen.tsx[22m
[2m오후 11:16:20[22m [36m[1m[vite][22m[39m [90m[2m(client)[22m[39m [33mhmr invalidate [39m[2m/src/components/phase/AutoDialoguePhase.tsx[22m Could not Fast Refresh ("triggerDialogueTap" export is incompatible). Learn more at https://github.com/vitejs/vite-plugin-react/tree/main/packages/plugin-react#consistent-components-exports
[2m오후 11:16:20[22m [36m[1m[vite][22m[39m [90m[2m(client)[22m[39m [32mhmr update [39m[2m/src/app/PCApp.tsx, /src/app/App.tsx[22m
[2m오후 11:16:20[22m [36m[1m[vite][22m[39m [90m[2m(client)[22m[39m [33mhmr invalidate [39m[2m/src/components/pc/layout/PCInteractionPanel.tsx[22m Could not Fast Refresh ("openPcInteractionPanel" export is incompatible). Learn more at https://github.com/vitejs/vite-plugin-react/tree/main/packages/plugin-react#consistent-components-exports
[2m오후 11:16:20[22m [36m[1m[vite][22m[39m [90m[2m(client)[22m[39m [32mhmr update [39m[2m/src/components/pc/layout/PCCourtLayout.tsx, /src/components/pc/home/PCHomeScreen.tsx, /src/components/pc/hotbar/PCBottomDock.tsx, /src/components/pc/panels/PCLeftPanel.tsx, /src/components/pc/panels/PCRightPanel.tsx, /src/components/pc/layout/PCDialogueLog.tsx, /src/components/pc/layout/PCGameplayOverlay.tsx, /src/components/pc/panels/PCImportantNotesSection.tsx[22m
[2m오후 11:16:20[22m [36m[1m[vite][22m[39m [90m[2m(client)[22m[39m [33mhmr invalidate [39m[2m/src/components/result/Aftermath.tsx[22m Could not Fast Refresh ("resetAftermathCache" export is incompatible). Learn more at https://github.com/vitejs/vite-plugin-react/tree/main/packages/plugin-react#consistent-components-exports
[2m오후 11:16:20[22m [36m[1m[vite][22m[39m [90m[2m(client)[22m[39m [32mhmr update [39m[2m/src/components/pc/result/PCResultScreen.tsx, /src/components/result/ResultScreen.tsx[22m
[2m오후 11:16:20[22m [36m[1m[vite][22m[39m [90m[2m(client)[22m[39m [33mhmr invalidate [39m[2m/src/components/actions/DossierHint.tsx[22m Could not Fast Refresh ("markDossierCombinationUsed" export is incompatible). Learn more at https://github.com/vitejs/vite-plugin-react/tree/main/packages/plugin-react#consistent-components-exports
[2m오후 11:16:20[22m [36m[1m[vite][22m[39m [90m[2m(client)[22m[39m [32mhmr update [39m[2m/src/components/actions/ActionPanel.tsx[22m
[2m오후 11:16:20[22m [36m[1m[vite][22m[39m [90m[2m(client)[22m[39m [33mhmr invalidate [39m[2m/src/components/discovery/StateTransitionFeedback.tsx[22m Could not Fast Refresh ("emitStateTransitionEvent" export is incompatible). Learn more at https://github.com/vitejs/vite-plugin-react/tree/main/packages/plugin-react#consistent-components-exports
[2m오후 11:16:20[22m [36m[1m[vite][22m[39m [90m[2m(client)[22m[39m [32mhmr update [39m[2m/src/components/actions/ActionPanel.tsx, /src/components/layout/CourtHeader.tsx[22m
[2m오후 11:16:20[22m [36m[1m[vite][22m[39m [90m[2m(client)[22m[39m [33mhmr invalidate [39m[2m/src/components/verdict/VerdictScreen.tsx[22m Could not Fast Refresh ("CAMPAIGN_STAGE_MAP" export is incompatible). Learn more at https://github.com/vitejs/vite-plugin-react/tree/main/packages/plugin-react#consistent-components-exports
[2m오후 11:16:20[22m [36m[1m[vite][22m[39m [90m[2m(client)[22m[39m [32mhmr update [39m[2m/src/components/pc/verdict/PCVerdictScreen.tsx, /src/app/App.tsx[22m
[2m오후 11:16:20[22m [36m[1m[vite][22m[39m [90m[2m(client)[22m[39m [33mhmr invalidate [39m[2m/src/components/pc/panels/PCImportantNotesSection.tsx[22m Could not Fast Refresh ("getNoteSummary" export is incompatible). Learn more at https://github.com/vitejs/vite-plugin-react/tree/main/packages/plugin-react#consistent-components-exports
[2m오후 11:16:20[22m [36m[1m[vite][22m[39m [90m[2m(client)[22m[39m [32mhmr update [39m[2m/src/components/pc/panels/PCLeftPanel.tsx, /src/components/pc/panels/PCRightPanel.tsx[22m
[2m오후 11:17:19[22m [36m[1m[vite][22m[39m [90m[2m(client)[22m[39m [32mhmr update [39m[2m/src/app/index.css, /src/components/actions/ActionPanel.tsx, /src/components/phase/Phase0_CaseIntro.tsx, /src/components/phase/Phase6_Mediation.tsx, /src/components/pc/home/PCHomeScreen.tsx, /src/components/pc/result/PCResultScreen.tsx, /src/components/pc/hotbar/PCBottomDock.tsx, /src/components/actions/EvidencePresenter.tsx, /src/components/pc/layout/PCInteractionPanel.tsx, /src/components/result/Aftermath.tsx, /src/components/actions/FreeQuestionInput.tsx and 7 more[22m
[2m오후 11:17:20[22m [36m[1m[vite][22m[39m [90m[2m(client)[22m[39m [33mhmr invalidate [39m[2m/src/components/phase/Phase0_CaseIntro.tsx[22m Could not Fast Refresh ("beginCasePrefetch" export is incompatible). Learn more at https://github.com/vitejs/vite-plugin-react/tree/main/packages/plugin-react#consistent-components-exports
[2m오후 11:17:20[22m [36m[1m[vite][22m[39m [90m[2m(client)[22m[39m [32mhmr update [39m[2m/src/app/PCApp.tsx, /src/components/pc/home/PCCaseBrief.tsx, /src/components/phase/AutoDialoguePhase.tsx, /src/app/App.tsx, /src/components/result/ResultScreen.tsx[22m
[2m오후 11:17:20[22m [36m[1m[vite][22m[39m [90m[2m(client)[22m[39m [33mhmr invalidate [39m[2m/src/components/pc/layout/PCInteractionPanel.tsx[22m Could not Fast Refresh ("openPcInteractionPanel" export is incompatible). Learn more at https://github.com/vitejs/vite-plugin-react/tree/main/packages/plugin-react#consistent-components-exports
[2m오후 11:17:20[22m [36m[1m[vite][22m[39m [90m[2m(client)[22m[39m [32mhmr update [39m[2m/src/components/pc/layout/PCCourtLayout.tsx, /src/components/pc/home/PCHomeScreen.tsx, /src/components/pc/hotbar/PCBottomDock.tsx, /src/components/pc/panels/PCLeftPanel.tsx, /src/components/pc/panels/PCRightPanel.tsx, /src/components/pc/layout/PCDialogueLog.tsx, /src/components/pc/layout/PCGameplayOverlay.tsx, /src/components/pc/panels/PCImportantNotesSection.tsx[22m
[2m오후 11:17:20[22m [36m[1m[vite][22m[39m [90m[2m(client)[22m[39m [33mhmr invalidate [39m[2m/src/components/result/Aftermath.tsx[22m Could not Fast Refresh ("resetAftermathCache" export is incompatible). Learn more at https://github.com/vitejs/vite-plugin-react/tree/main/packages/plugin-react#consistent-components-exports
[2m오후 11:17:20[22m [36m[1m[vite][22m[39m [90m[2m(client)[22m[39m [32mhmr update [39m[2m/src/components/pc/result/PCResultScreen.tsx, /src/components/result/ResultScreen.tsx[22m
[2m오후 11:17:20[22m [36m[1m[vite][22m[39m [90m[2m(client)[22m[39m [33mhmr invalidate [39m[2m/src/app/PCApp.tsx[22m Could not Fast Refresh ("resetPcSessionToHome" export is incompatible). Learn more at https://github.com/vitejs/vite-plugin-react/tree/main/packages/plugin-react#consistent-components-exports
[2m오후 11:17:20[22m [36m[1m[vite][22m[39m [90m[2m(client)[22m[39m [32mpage reload [39m[2msrc/app/PCApp.tsx[22m
[2m오후 11:17:20[22m [36m[1m[vite][22m[39m [90m[2m(client)[22m[39m [33mhmr invalidate [39m[2m/src/components/phase/AutoDialoguePhase.tsx[22m Could not Fast Refresh ("triggerDialogueTap" export is incompatible). Learn more at https://github.com/vitejs/vite-plugin-react/tree/main/packages/plugin-react#consistent-components-exports
[2m오후 11:17:20[22m [36m[1m[vite][22m[39m [90m[2m(client)[22m[39m [32mhmr update [39m[2m/src/app/PCApp.tsx, /src/app/App.tsx[22m
[2m오후 11:53:14[22m [36m[1m[vite][22m[39m [90m[2m(client)[22m[39m [32mhmr update [39m[2m/src/components/pc/result/PCResultScreen.tsx, /src/components/pc/home/PCHomeScreen.tsx, /src/app/App.tsx, /src/components/phase/CaseMap.tsx, /src/components/phase/SessionSelect.tsx, /src/components/result/ResultScreen.tsx, /src/components/phase/Phase6_Mediation.tsx, /src/components/actions/ActionPanel.tsx, /src/components/actions/FreeQuestionInput.tsx, /src/components/phase/Phase0_CaseIntro.tsx, /src/components/pc/hotbar/PCBottomDock.tsx, /src/components/actions/EvidencePresenter.tsx and 10 more[22m
[2m오후 11:53:14[22m [36m[1m[vite][22m[39m [90m[2m(client)[22m[39m [32mhmr update [39m[2m/src/components/pc/result/PCResultScreen.tsx, /src/components/pc/home/PCHomeScreen.tsx, /src/app/App.tsx, /src/components/phase/CaseMap.tsx, /src/components/phase/SessionSelect.tsx, /src/components/result/ResultScreen.tsx, /src/components/phase/Phase6_Mediation.tsx, /src/components/actions/ActionPanel.tsx, /src/components/actions/FreeQuestionInput.tsx, /src/components/phase/Phase0_CaseIntro.tsx, /src/components/pc/hotbar/PCBottomDock.tsx, /src/components/actions/EvidencePresenter.tsx and 10 more[22m
[2m오후 11:53:15[22m [36m[1m[vite][22m[39m [90m[2m(client)[22m[39m [33mhmr invalidate [39m[2m/src/components/phase/CaseMap.tsx[22m Could not Fast Refresh ("saveCaseProgress" export is incompatible). Learn more at https://github.com/vitejs/vite-plugin-react/tree/main/packages/plugin-react#consistent-components-exports
[2m오후 11:53:15[22m [36m[1m[vite][22m[39m [90m[2m(client)[22m[39m [32mhmr update [39m[2m/src/components/pc/result/PCResultScreen.tsx, /src/app/App.tsx, /src/components/result/ResultScreen.tsx[22m
[2m오후 11:53:15[22m [36m[1m[vite][22m[39m [90m[2m(client)[22m[39m [33mhmr invalidate [39m[2m/src/components/phase/Phase0_CaseIntro.tsx[22m Could not Fast Refresh ("beginCasePrefetch" export is incompatible). Learn more at https://github.com/vitejs/vite-plugin-react/tree/main/packages/plugin-react#consistent-components-exports
[2m오후 11:53:15[22m [36m[1m[vite][22m[39m [90m[2m(client)[22m[39m [32mhmr update [39m[2m/src/app/PCApp.tsx, /src/components/pc/home/PCCaseBrief.tsx, /src/components/phase/AutoDialoguePhase.tsx, /src/app/App.tsx, /src/components/result/ResultScreen.tsx[22m
[2m오후 11:53:15[22m [36m[1m[vite][22m[39m [90m[2m(client)[22m[39m [33mhmr invalidate [39m[2m/src/components/result/Aftermath.tsx[22m Could not Fast Refresh ("resetAftermathCache" export is incompatible). Learn more at https://github.com/vitejs/vite-plugin-react/tree/main/packages/plugin-react#consistent-components-exports
[2m오후 11:53:15[22m [36m[1m[vite][22m[39m [90m[2m(client)[22m[39m [32mhmr update [39m[2m/src/components/pc/result/PCResultScreen.tsx, /src/components/result/ResultScreen.tsx[22m
[2m오후 11:53:15[22m [36m[1m[vite][22m[39m [90m[2m(client)[22m[39m [33mhmr invalidate [39m[2m/src/components/pc/layout/PCInteractionPanel.tsx[22m Could not Fast Refresh ("openPcInteractionPanel" export is incompatible). Learn more at https://github.com/vitejs/vite-plugin-react/tree/main/packages/plugin-react#consistent-components-exports
[2m오후 11:53:15[22m [36m[1m[vite][22m[39m [90m[2m(client)[22m[39m [32mhmr update [39m[2m/src/components/pc/layout/PCCourtLayout.tsx, /src/components/pc/home/PCHomeScreen.tsx, /src/components/pc/hotbar/PCBottomDock.tsx, /src/components/pc/panels/PCLeftPanel.tsx, /src/components/pc/panels/PCRightPanel.tsx, /src/components/pc/layout/PCDialogueLog.tsx, /src/components/pc/layout/PCGameplayOverlay.tsx, /src/components/pc/panels/PCImportantNotesSection.tsx[22m
[2m오후 11:53:15[22m [36m[1m[vite][22m[39m [90m[2m(client)[22m[39m [33mhmr invalidate [39m[2m/src/app/PCApp.tsx[22m Could not Fast Refresh ("resetPcSessionToHome" export is incompatible). Learn more at https://github.com/vitejs/vite-plugin-react/tree/main/packages/plugin-react#consistent-components-exports
[2m오후 11:53:15[22m [36m[1m[vite][22m[39m [90m[2m(client)[22m[39m [32mpage reload [39m[2msrc/app/PCApp.tsx[22m
[2m오후 11:53:15[22m [36m[1m[vite][22m[39m [90m[2m(client)[22m[39m [33mhmr invalidate [39m[2m/src/components/phase/AutoDialoguePhase.tsx[22m Could not Fast Refresh ("triggerDialogueTap" export is incompatible). Learn more at https://github.com/vitejs/vite-plugin-react/tree/main/packages/plugin-react#consistent-components-exports
[2m오후 11:53:15[22m [36m[1m[vite][22m[39m [90m[2m(client)[22m[39m [32mhmr update [39m[2m/src/app/PCApp.tsx, /src/app/App.tsx[22m
[2m오전 12:05:20[22m [36m[1m[vite][22m[39m [90m[2m(client)[22m[39m [32mhmr update [39m[2m/src/app/index.css, /src/app/PCApp.tsx, /src/components/actions/ActionPanel.tsx, /src/components/phase/Phase0_CaseIntro.tsx, /src/components/pc/home/PCCaseBrief.tsx, /src/components/phase/AutoDialoguePhase.tsx, /src/components/layout/PhaseTransition.tsx, /src/components/phase/Phase6_Mediation.tsx, /src/components/pc/layout/PCCourtLayout.tsx, /src/components/pc/home/PCHomeScreen.tsx, /src/components/pc/verdict/PCVerdictScreen.tsx, /src/components/pc/result/PCResultScreen.tsx and 54 more[22m
[2m오전 12:05:21[22m [36m[1m[vite][22m[39m [90m[2m(client)[22m[39m [33mhmr invalidate [39m[2m/src/components/phase/Phase0_CaseIntro.tsx[22m Could not Fast Refresh ("beginCasePrefetch" export is incompatible). Learn more at https://github.com/vitejs/vite-plugin-react/tree/main/packages/plugin-react#consistent-components-exports
[2m오전 12:05:21[22m [36m[1m[vite][22m[39m [90m[2m(client)[22m[39m [32mhmr update [39m[2m/src/app/PCApp.tsx, /src/components/pc/home/PCCaseBrief.tsx, /src/components/phase/AutoDialoguePhase.tsx, /src/app/App.tsx, /src/components/result/ResultScreen.tsx[22m
[2m오전 12:05:21[22m [36m[1m[vite][22m[39m [90m[2m(client)[22m[39m [33mhmr invalidate [39m[2m/src/components/phase/AutoDialoguePhase.tsx[22m Could not Fast Refresh ("triggerDialogueTap" export is incompatible). Learn more at https://github.com/vitejs/vite-plugin-react/tree/main/packages/plugin-react#consistent-components-exports
[2m오전 12:05:21[22m [36m[1m[vite][22m[39m [90m[2m(client)[22m[39m [32mhmr update [39m[2m/src/app/PCApp.tsx, /src/app/App.tsx[22m
[2m오전 12:05:21[22m [36m[1m[vite][22m[39m [90m[2m(client)[22m[39m [33mhmr invalidate [39m[2m/src/components/result/Aftermath.tsx[22m Could not Fast Refresh ("resetAftermathCache" export is incompatible). Learn more at https://github.com/vitejs/vite-plugin-react/tree/main/packages/plugin-react#consistent-components-exports
[2m오전 12:05:21[22m [36m[1m[vite][22m[39m [90m[2m(client)[22m[39m [32mhmr update [39m[2m/src/components/pc/result/PCResultScreen.tsx, /src/components/result/ResultScreen.tsx[22m
[2m오전 12:05:21[22m [36m[1m[vite][22m[39m [90m[2m(client)[22m[39m [33mhmr invalidate [39m[2m/src/components/actions/DossierHint.tsx[22m Could not Fast Refresh ("markDossierCombinationUsed" export is incompatible). Learn more at https://github.com/vitejs/vite-plugin-react/tree/main/packages/plugin-react#consistent-components-exports
[2m오전 12:05:21[22m [36m[1m[vite][22m[39m [90m[2m(client)[22m[39m [32mhmr update [39m[2m/src/components/actions/ActionPanel.tsx[22m
[2m오전 12:05:21[22m [36m[1m[vite][22m[39m [90m[2m(client)[22m[39m [33mhmr invalidate [39m[2m/src/components/discovery/StateTransitionFeedback.tsx[22m Could not Fast Refresh ("emitStateTransitionEvent" export is incompatible). Learn more at https://github.com/vitejs/vite-plugin-react/tree/main/packages/plugin-react#consistent-components-exports
[2m오전 12:05:21[22m [36m[1m[vite][22m[39m [90m[2m(client)[22m[39m [32mhmr update [39m[2m/src/components/actions/ActionPanel.tsx, /src/components/layout/CourtHeader.tsx[22m
[2m오전 12:05:21[22m [36m[1m[vite][22m[39m [90m[2m(client)[22m[39m [33mhmr invalidate [39m[2m/src/components/verdict/VerdictScreen.tsx[22m Could not Fast Refresh ("CAMPAIGN_STAGE_MAP" export is incompatible). Learn more at https://github.com/vitejs/vite-plugin-react/tree/main/packages/plugin-react#consistent-components-exports
[2m오전 12:05:21[22m [36m[1m[vite][22m[39m [90m[2m(client)[22m[39m [32mhmr update [39m[2m/src/components/pc/verdict/PCVerdictScreen.tsx, /src/app/App.tsx[22m
[2m오전 12:05:21[22m [36m[1m[vite][22m[39m [90m[2m(client)[22m[39m [33mhmr invalidate [39m[2m/src/components/layout/CourtHeader.tsx[22m Could not Fast Refresh ("openResourcePopup" export is incompatible). Learn more at https://github.com/vitejs/vite-plugin-react/tree/main/packages/plugin-react#consistent-components-exports
[2m오전 12:05:21[22m [36m[1m[vite][22m[39m [90m[2m(client)[22m[39m [32mhmr update [39m[2m/src/components/actions/ActionPanel.tsx, /src/components/phase/Phase0_CaseIntro.tsx, /src/components/phase/Phase6_Mediation.tsx, /src/components/pc/home/PCHomeScreen.tsx, /src/components/pc/result/PCResultScreen.tsx, /src/components/pc/hotbar/PCBottomDock.tsx, /src/components/actions/EvidencePresenter.tsx, /src/components/pc/layout/PCInteractionPanel.tsx, /src/components/result/Aftermath.tsx, /src/components/actions/FreeQuestionInput.tsx, /src/components/pc/layout/PCMinigameOverlay.tsx and 6 more[22m
[2m오전 12:05:21[22m [36m[1m[vite][22m[39m [90m[2m(client)[22m[39m [33mhmr invalidate [39m[2m/src/components/phase/CaseMap.tsx[22m Could not Fast Refresh ("saveCaseProgress" export is incompatible). Learn more at https://github.com/vitejs/vite-plugin-react/tree/main/packages/plugin-react#consistent-components-exports
[2m오전 12:05:21[22m [36m[1m[vite][22m[39m [90m[2m(client)[22m[39m [32mhmr update [39m[2m/src/components/pc/result/PCResultScreen.tsx, /src/app/App.tsx, /src/components/result/ResultScreen.tsx[22m
[2m오전 12:05:21[22m [36m[1m[vite][22m[39m [90m[2m(client)[22m[39m [33mhmr invalidate [39m[2m/src/app/PCApp.tsx[22m Could not Fast Refresh ("resetPcSessionToHome" export is incompatible). Learn more at https://github.com/vitejs/vite-plugin-react/tree/main/packages/plugin-react#consistent-components-exports
[2m오전 12:05:21[22m [36m[1m[vite][22m[39m [90m[2m(client)[22m[39m [32mpage reload [39m[2msrc/app/PCApp.tsx[22m
[2m오전 12:05:21[22m [36m[1m[vite][22m[39m [90m[2m(client)[22m[39m [33mhmr invalidate [39m[2m/src/components/phase/Phase0_CaseIntro.tsx[22m Could not Fast Refresh ("beginCasePrefetch" export is incompatible). Learn more at https://github.com/vitejs/vite-plugin-react/tree/main/packages/plugin-react#consistent-components-exports
[2m오전 12:05:21[22m [36m[1m[vite][22m[39m [90m[2m(client)[22m[39m [32mhmr update [39m[2m/src/app/PCApp.tsx, /src/components/pc/home/PCCaseBrief.tsx, /src/components/phase/AutoDialoguePhase.tsx, /src/app/App.tsx, /src/components/result/ResultScreen.tsx[22m
[2m오전 12:05:21[22m [36m[1m[vite][22m[39m [90m[2m(client)[22m[39m [33mhmr invalidate [39m[2m/src/components/phase/AutoDialoguePhase.tsx[22m Could not Fast Refresh ("triggerDialogueTap" export is incompatible). Learn more at https://github.com/vitejs/vite-plugin-react/tree/main/packages/plugin-react#consistent-components-exports
[2m오전 12:05:21[22m [36m[1m[vite][22m[39m [90m[2m(client)[22m[39m [32mhmr update [39m[2m/src/app/PCApp.tsx, /src/app/App.tsx[22m
[2m오전 12:05:21[22m [36m[1m[vite][22m[39m [90m[2m(client)[22m[39m [33mhmr invalidate [39m[2m/src/components/pc/layout/PCInteractionPanel.tsx[22m Could not Fast Refresh ("openPcInteractionPanel" export is incompatible). Learn more at https://github.com/vitejs/vite-plugin-react/tree/main/packages/plugin-react#consistent-components-exports
[2m오전 12:05:21[22m [36m[1m[vite][22m[39m [90m[2m(client)[22m[39m [32mhmr update [39m[2m/src/components/pc/layout/PCCourtLayout.tsx, /src/components/pc/home/PCHomeScreen.tsx, /src/components/pc/hotbar/PCBottomDock.tsx, /src/components/pc/panels/PCLeftPanel.tsx, /src/components/pc/panels/PCRightPanel.tsx, /src/components/pc/layout/PCDialogueLog.tsx, /src/components/pc/layout/PCGameplayOverlay.tsx, /src/components/pc/panels/PCImportantNotesSection.tsx[22m
[2m오전 12:05:21[22m [36m[1m[vite][22m[39m [90m[2m(client)[22m[39m [33mhmr invalidate [39m[2m/src/components/result/Aftermath.tsx[22m Could not Fast Refresh ("resetAftermathCache" export is incompatible). Learn more at https://github.com/vitejs/vite-plugin-react/tree/main/packages/plugin-react#consistent-components-exports
[2m오전 12:05:21[22m [36m[1m[vite][22m[39m [90m[2m(client)[22m[39m [32mhmr update [39m[2m/src/components/pc/result/PCResultScreen.tsx, /src/components/result/ResultScreen.tsx[22m
[2m오전 12:05:21[22m [36m[1m[vite][22m[39m [90m[2m(client)[22m[39m [33mhmr invalidate [39m[2m/src/components/pc/panels/PCImportantNotesSection.tsx[22m Could not Fast Refresh ("getNoteSummary" export is incompatible). Learn more at https://github.com/vitejs/vite-plugin-react/tree/main/packages/plugin-react#consistent-components-exports
[2m오전 12:05:21[22m [36m[1m[vite][22m[39m [90m[2m(client)[22m[39m [32mhmr update [39m[2m/src/components/pc/panels/PCLeftPanel.tsx, /src/components/pc/panels/PCRightPanel.tsx[22m
[2m오전 12:10:14[22m [36m[1m[vite][22m[39m [90m[2m(client)[22m[39m [32mhmr update [39m[2m/src/components/pc/verdict/PCVerdictScreen.tsx, /src/app/index.css[22m
[2m오전 12:10:26[22m [36m[1m[vite][22m[39m [90m[2m(client)[22m[39m [32mhmr update [39m[2m/src/components/pc/verdict/PCVerdictScreen.tsx, /src/app/index.css[22m
[2m오전 12:10:33[22m [36m[1m[vite][22m[39m [90m[2m(client)[22m[39m [32mhmr update [39m[2m/src/components/pc/verdict/PCVerdictScreen.tsx, /src/app/index.css[22m
[2m오전 12:10:39[22m [36m[1m[vite][22m[39m [90m[2m(client)[22m[39m [32mhmr update [39m[2m/src/components/pc/verdict/PCVerdictScreen.tsx, /src/app/index.css[22m
[2m오전 12:10:59[22m [36m[1m[vite][22m[39m [90m[2m(client)[22m[39m [32mhmr update [39m[2m/src/components/pc/verdict/PCVerdictScreen.tsx, /src/app/index.css[22m
[2m오전 12:11:16[22m [36m[1m[vite][22m[39m [90m[2m(client)[22m[39m [32mhmr update [39m[2m/src/components/pc/result/PCResultScreen.tsx, /src/app/index.css[22m
[2m오전 12:11:19[22m [36m[1m[vite][22m[39m [90m[2m(client)[22m[39m [32mhmr update [39m[2m/src/app/pc.css, /src/app/index.css[22m
[2m오전 12:11:26[22m [36m[1m[vite][22m[39m [90m[2m(client)[22m[39m [32mhmr update [39m[2m/src/app/pc.css, /src/app/index.css[22m
[2m오전 12:11:28[22m [36m[1m[vite][22m[39m [90m[2m(client)[22m[39m [32mhmr update [39m[2m/src/components/pc/result/PCResultScreen.tsx, /src/app/index.css[22m
[2m오전 12:11:38[22m [36m[1m[vite][22m[39m [90m[2m(client)[22m[39m [32mhmr update [39m[2m/src/app/pc.css, /src/app/index.css[22m
[2m오전 12:12:10[22m [36m[1m[vite][22m[39m [90m[2m(client)[22m[39m [32mhmr update [39m[2m/src/components/pc/result/PCResultScreen.tsx, /src/app/index.css[22m
[2m오전 12:12:28[22m [36m[1m[vite][22m[39m [90m[2m(client)[22m[39m [32mpage reload [39m[2mdist/index.html[22m
[2m오전 12:12:28[22m [36m[1m[vite][22m[39m [90m[2m(client)[22m[39m [32mpage reload [39m[2mdist/resource-checklist.html[22m
[2m오전 12:12:28[22m [36m[1m[vite][22m[39m [90m[2m(client)[22m[39m [32mpage reload [39m[2mdist/resource-checklist.html[22m
[2m오전 12:12:31[22m [36m[1m[vite][22m[39m [90m[2m(client)[22m[39m [32mpage reload [39m[2mdist/index.html[22m
[2m오전 12:13:57[22m [36m[1m[vite][22m[39m [90m[2m(client)[22m[39m [32mhmr update [39m[2m/src/app/pc.css, /src/app/index.css[22m
[2m오전 12:14:41[22m [36m[1m[vite][22m[39m [90m[2m(client)[22m[39m [32mpage reload [39m[2mdist/index.html[22m
[2m오전 12:14:41[22m [36m[1m[vite][22m[39m [90m[2m(client)[22m[39m [32mpage reload [39m[2mdist/resource-checklist.html[22m
[2m오전 12:14:41[22m [36m[1m[vite][22m[39m [90m[2m(client)[22m[39m [32mpage reload [39m[2mdist/resource-checklist.html[22m
[2m오전 12:14:44[22m [36m[1m[vite][22m[39m [90m[2m(client)[22m[39m [32mpage reload [39m[2mdist/index.html[22m
[2m오전 12:14:58[22m [36m[1m[vite][22m[39m [90m[2m(client)[22m[39m [32mhmr update [39m[2m/src/app/PCApp.tsx, /src/app/index.css[22m
[2m오전 12:15:00[22m [36m[1m[vite][22m[39m [90m[2m(client)[22m[39m [33mhmr invalidate [39m[2m/src/app/PCApp.tsx[22m Could not Fast Refresh ("resetPcSessionToHome" export is incompatible). Learn more at https://github.com/vitejs/vite-plugin-react/tree/main/packages/plugin-react#consistent-components-exports
[2m오전 12:15:00[22m [36m[1m[vite][22m[39m [90m[2m(client)[22m[39m [32mpage reload [39m[2msrc/app/PCApp.tsx[22m
[2m오전 12:18:00[22m [36m[1m[vite][22m[39m [90m[2m(client)[22m[39m [32mpage reload [39m[2mdist/resource-checklist.html[22m
[2m오전 12:18:00[22m [36m[1m[vite][22m[39m [90m[2m(client)[22m[39m [32mpage reload [39m[2mdist/index.html[22m
[2m오전 12:18:00[22m [36m[1m[vite][22m[39m [90m[2m(client)[22m[39m [32mpage reload [39m[2mdist/resource-checklist.html[22m
[2m오전 12:18:03[22m [36m[1m[vite][22m[39m [90m[2m(client)[22m[39m [32mpage reload [39m[2mdist/index.html[22m
