[case-stage1a-runtime] wrote src/data/cases/generated/civic-new-06.json
[runtime-template-coverage] case=civic-new-06
summary={}
PASS
[case-stage1e-mediation-dialogues] caseId=case-civic-new-06
[case-stage1e-mediation-dialogues] out=src/data/dialogues/mediation/civic-new-06.json
[case-stage2-scripted-bootstrap] wrote src/data/scriptedText/civic-new-06.json
[scripted-template-coverage] case=civic-new-06
summary={}
PASS
[scripted-semantic-quality] case=civic-new-06
WARN A8 interrogation:b-d-4-S0-empathy_approach-v4 is more emotionally exposed than affect_flattening usually allows
WARN A8 interrogation:b-d-4-S1-empathy_approach-v4 is more emotionally exposed than affect_flattening usually allows
WARN A8 interrogation:b-d-4-S2-empathy_approach-v4 is more emotionally exposed than affect_flattening usually allows
WARN A8 interrogation:b-d-4-S3-empathy_approach-v4 is more emotionally exposed than affect_flattening usually allows
WARN A8 interrogation:b-d-4-S5-empathy_approach-v1 is more emotionally exposed than affect_flattening usually allows
summary={"WARN":5}
PASS
[validate-scripted-text] case=civic-new-06
[validate-scripted-text] summary={}
[validate-scripted-text] PASS
[civic-new-06] wrote tmp\civic-new-06-stage3-validate.txt
