[case-stage1a-runtime] wrote src/data/cases/generated/headline-01.json
[headline-stage1b-v3] wrote docs\ref\리뉴얼참고\headline-01-v3-game-loop-data.json
[headline-stage1b-v3] wrote docs\ref\리뉴얼참고\headline-01-v3-game-loop-data.ts
[runtime-template-coverage] case=headline-01
summary={}
PASS
[headline-stage1c-phase-dialogues] wrote src\data\dialogues\phase1\headline-01.json
[headline-stage1c-phase-dialogues] wrote src\data\dialogues\phase2\headline-01.json
[case-stage1e-mediation-dialogues] caseId=case-headline-01
[case-stage1e-mediation-dialogues] out=src/data/dialogues/mediation/headline-01.json
[headline-01] wrote src\data\scriptedText\headline-01.json
[headline-01] refined src\data\scriptedText\headline-01.json
[headline-01] diversified interrogation variants in src\data\scriptedText\headline-01.json
[headline-01] diversified evidence_present variants in src\data\scriptedText\headline-01.json
[case-stage2-scripted-bootstrap] wrote src/data/scriptedText/headline-01.json
[scripted-template-coverage] case=headline-01
summary={}
PASS
[scripted-semantic-quality] case=headline-01
summary={}
PASS
[validate-scripted-text] case=headline-01
[validate-scripted-text] summary={}
[validate-scripted-text] PASS
[headline-01] wrote tmp\headline-01-stage3-validate.txt
